../LWIP/Target/ethernetif.c:163:6:HAL_ETH_RxCpltCallback	16	static
../LWIP/Target/ethernetif.c:172:6:HAL_ETH_TxCpltCallback	16	static
../LWIP/Target/ethernetif.c:181:6:HAL_ETH_ErrorCallback	16	static
../LWIP/Target/ethernetif.c:203:13:low_level_init	64	static
../LWIP/Target/ethernetif.c:320:14:low_level_output	80	static
../LWIP/Target/ethernetif.c:392:22:low_level_input	24	static
../LWIP/Target/ethernetif.c:413:6:ethernetif_input	24	static
../LWIP/Target/ethernetif.c:470:7:ethernetif_init	16	static
../LWIP/Target/ethernetif.c:521:6:pbuf_free_custom	24	static
../LWIP/Target/ethernetif.c:544:7:sys_now	8	static
../LWIP/Target/ethernetif.c:559:6:ethernet_link_thread	16	static
../LWIP/Target/ethernetif.c:577:6:HAL_ETH_RxAllocateCallback	32	static
../LWIP/Target/ethernetif.c:599:6:HAL_ETH_RxLinkCallback	56	static,ignoring_inline_asm
../LWIP/Target/ethernetif.c:639:6:HAL_ETH_TxFreeCallback	16	static
