../Core/Src/protocol/packet_protocol.c:19:13:InitCRC32Table	24	static
../Core/Src/protocol/packet_protocol.c:35:10:PKT_CRC32_Update	32	static
../Core/Src/protocol/packet_protocol.c:43:10:PKT_CRC32_Compute	24	static
../Core/Src/protocol/packet_protocol.c:48:10:PKT_CRC32_Finalize	16	static
../Core/Src/protocol/packet_protocol.c:56:6:PKT_SerializeHeader	16	static
../Core/Src/protocol/packet_protocol.c:80:19:PKT_ParseHeader	16	static
../Core/Src/protocol/packet_protocol.c:96:10:PKT_ComputeCRC	80	static
../Core/Src/protocol/packet_protocol.c:110:19:PKT_VerifyCRC	32	static
../Core/Src/protocol/packet_protocol.c:123:8:PKT_Build	48	static
../Core/Src/protocol/packet_protocol.c:145:8:PKT_BuildHeartbeat	48	static
../Core/Src/protocol/packet_protocol.c:150:8:PKT_BuildACK	40	static
../Core/Src/protocol/packet_protocol.c:154:8:PKT_BuildCommand	40	static
../Core/Src/protocol/packet_protocol.c:159:8:PKT_BuildTelemetry	40	static
../Core/Src/protocol/packet_protocol.c:164:8:PKT_BuildFault	40	static
../Core/Src/protocol/packet_protocol.c:169:8:PKT_BuildVersionNegotiation	560	static
../Core/Src/protocol/packet_protocol.c:181:8:PKT_BuildState	40	static
../Core/Src/protocol/packet_protocol.c:190:6:PKT_KV_Init	16	static
../Core/Src/protocol/packet_protocol.c:194:19:PKT_KV_Add	48	static
../Core/Src/protocol/packet_protocol.c:204:19:PKT_KV_AddUInt	40	static
../Core/Src/protocol/packet_protocol.c:210:19:PKT_KV_AddInt	40	static
../Core/Src/protocol/packet_protocol.c:216:19:PKT_KV_AddBool	24	static
../Core/Src/protocol/packet_protocol.c:220:8:PKT_KV_Length	16	static
../Core/Src/protocol/packet_protocol.c:224:19:PKT_KV_Find	48	static
../Core/Src/protocol/packet_protocol.c:250:19:PKT_KV_FindUInt	56	static
../Core/Src/protocol/packet_protocol.c:259:19:PKT_KV_FindBool	56	static
