../Core/Src/main.c:225:5:main	1
../Core/Src/main.c:376:6:SystemClock_Config	4
../Core/Src/main.c:439:13:MX_FDCAN1_Init	2
../Core/Src/main.c:492:13:MX_I2C1_Init	4
../Core/Src/main.c:540:13:MX_I2S1_Init	2
../Core/Src/main.c:576:13:MX_IWDG1_Init	2
../Core/Src/main.c:605:13:MX_RTC_Init	2
../Core/Src/main.c:641:13:MX_SAI1_Init	2
../Core/Src/main.c:693:13:MX_TIM6_Init	3
../Core/Src/main.c:731:13:MX_USART3_UART_Init	5
../Core/Src/main.c:779:13:MX_DMA_Init	2
../Core/Src/main.c:811:13:MX_GPIO_Init	1
../Core/Src/main.c:858:6:StartDefaultTask	1
../Core/Src/main.c:878:6:StartWatchdogTask	1
../Core/Src/main.c:896:6:StartaudioInputTask	1
../Core/Src/main.c:914:6:StartEthernetRxTask	1
../Core/Src/main.c:932:6:StartCommandTask	1
../Core/Src/main.c:950:6:StartsystemStateTask	1
../Core/Src/main.c:968:6:StartsensorTalkTask	1
../Core/Src/main.c:986:6:StartLEDTask	1
../Core/Src/main.c:1004:6:StartDiagnosticsTask	1
../Core/Src/main.c:1019:6:Error_Handler	1
