2026-05-14 14:07:51,788 [INFO] Activator:176 - 


2026-05-14 14:07:51,795 [INFO] Activator:177 - !SESSION log4j initialized
2026-05-14 14:07:57,760 [INFO] LogOutputStream:77 - [STDOUT_REDIRECT] 
2026-05-14 14:08:01,827 [INFO] LogOutputStream:77 - [STDOUT_REDIRECT] 
2026-05-14 14:08:04,307 [ERROR] LogOutputStream:75 - [STDERR_REDIRECT] 
2026-05-14 14:08:05,164 [INFO] ApplicationProperties:184 - Using Application install path: /Applications/STM32CubeIDE.app/Contents/Eclipse/plugins/com.st.stm32cube.common.mx_6.15.0.202507011659
2026-05-14 14:08:05,185 [INFO] DbMcusXml:78 - Set database path to: /Applications/STM32CubeIDE.app/Contents/Eclipse/plugins/com.st.stm32cube.common.mx_6.15.0.202507011659//db//mcu/
2026-05-14 14:08:05,185 [INFO] ApiDb:274 - Set plugin database path to: /Applications/STM32CubeIDE.app/Contents/Eclipse/plugins/com.st.stm32cube.common.mx_6.15.0.202507011659//db//plugins/boardmanager/
2026-05-14 14:08:05,186 [WARN] ApiDb:259 - Overriding images path with different value:  => /Applications/STM32CubeIDE.app/Contents/Eclipse/plugins/com.st.stm32cube.common.mx_6.15.0.202507011659//db//plugins/mcufinder/images/
2026-05-14 14:08:05,198 [INFO] ApiDb:250 - Set database path to: /Users/jeffreya181/.stmcufinder/plugins/mcufinder//mcu/
2026-05-14 14:08:05,200 [INFO] DbMcusAds:125 - Set database path to: /Users/jeffreya181/.stmcufinder/plugins/mcufinder//mcu/
2026-05-14 14:08:05,202 [INFO] CrossReferenceDbSqlite:203 - Set database path to: /Users/jeffreya181/.stmcufinder/plugins/mcufinder//mcu/cs/
2026-05-14 14:08:05,388 [INFO] RulesReader:64 - Compatibility file has been processed (317 Rules)
2026-05-14 14:08:05,463 [INFO] DbMcusXml:78 - Set database path to: /Applications/STM32CubeIDE.app/Contents/Eclipse/plugins/com.st.stm32cube.common.mx_6.15.0.202507011659//db//mcu/
2026-05-14 14:08:05,463 [INFO] ApiDb:274 - Set plugin database path to: /Applications/STM32CubeIDE.app/Contents/Eclipse/plugins/com.st.stm32cube.common.mx_6.15.0.202507011659//db//plugins/boardmanager/
2026-05-14 14:08:05,464 [INFO] ApiDb:261 - Set plugin images path to: /Applications/STM32CubeIDE.app/Contents/Eclipse/plugins/com.st.stm32cube.common.mx_6.15.0.202507011659//db//plugins/mcufinder/images/
2026-05-14 14:08:05,464 [WARN] DbFile:41 - Overriding database path with different value: /Users/jeffreya181/.stmcufinder/plugins/mcufinder/ => /Users/jeffreya181/.stmcufinder/plugins/mcufinder
2026-05-14 14:08:05,464 [INFO] ApiDb:250 - Set database path to: /Users/jeffreya181/.stmcufinder/plugins/mcufinder//mcu/
2026-05-14 14:08:05,465 [WARN] DbFile:41 - Overriding database path with different value: /Users/jeffreya181/.stmcufinder/plugins/mcufinder/ => /Users/jeffreya181/.stmcufinder/plugins/mcufinder
2026-05-14 14:08:05,465 [INFO] DbMcusAds:125 - Set database path to: /Users/jeffreya181/.stmcufinder/plugins/mcufinder//mcu/
2026-05-14 14:08:05,465 [WARN] DbFile:41 - Overriding database path with different value: /Users/jeffreya181/.stmcufinder/plugins/mcufinder/ => /Users/jeffreya181/.stmcufinder/plugins/mcufinder
2026-05-14 14:08:05,465 [WARN] DbFile:41 - Overriding database path with different value: /Users/jeffreya181/.stmcufinder/plugins/mcufinder/ => /Users/jeffreya181/.stmcufinder/plugins/mcufinder
2026-05-14 14:08:05,465 [INFO] CrossReferenceDbSqlite:203 - Set database path to: /Users/jeffreya181/.stmcufinder/plugins/mcufinder//mcu/cs/
2026-05-14 14:08:05,562 [INFO] MainPanel:274 - HeapMemory: 321912832
2026-05-14 14:08:06,327 [INFO] DbMcusXml:78 - Set database path to: /Applications/STM32CubeIDE.app/Contents/Eclipse/plugins/com.st.stm32cube.common.mx_6.15.0.202507011659//db//mcu/
2026-05-14 14:08:06,327 [INFO] ApiDb:274 - Set plugin database path to: /Applications/STM32CubeIDE.app/Contents/Eclipse/plugins/com.st.stm32cube.common.mx_6.15.0.202507011659//db//plugins/boardmanager/
2026-05-14 14:08:06,328 [INFO] ApiDb:261 - Set plugin images path to: /Applications/STM32CubeIDE.app/Contents/Eclipse/plugins/com.st.stm32cube.common.mx_6.15.0.202507011659//db//plugins/mcufinder/images/
2026-05-14 14:08:06,328 [WARN] DbFile:41 - Overriding database path with different value: /Users/jeffreya181/.stmcufinder/plugins/mcufinder/ => /Users/jeffreya181/.stmcufinder/plugins/mcufinder
2026-05-14 14:08:06,329 [INFO] ApiDb:250 - Set database path to: /Users/jeffreya181/.stmcufinder/plugins/mcufinder//mcu/
2026-05-14 14:08:06,329 [WARN] DbFile:41 - Overriding database path with different value: /Users/jeffreya181/.stmcufinder/plugins/mcufinder/ => /Users/jeffreya181/.stmcufinder/plugins/mcufinder
2026-05-14 14:08:06,329 [INFO] DbMcusAds:125 - Set database path to: /Users/jeffreya181/.stmcufinder/plugins/mcufinder//mcu/
2026-05-14 14:08:06,329 [WARN] DbFile:41 - Overriding database path with different value: /Users/jeffreya181/.stmcufinder/plugins/mcufinder/ => /Users/jeffreya181/.stmcufinder/plugins/mcufinder
2026-05-14 14:08:06,329 [WARN] DbFile:41 - Overriding database path with different value: /Users/jeffreya181/.stmcufinder/plugins/mcufinder/ => /Users/jeffreya181/.stmcufinder/plugins/mcufinder
2026-05-14 14:08:06,329 [INFO] CrossReferenceDbSqlite:203 - Set database path to: /Users/jeffreya181/.stmcufinder/plugins/mcufinder//mcu/cs/
2026-05-14 14:08:06,356 [INFO] ApplicationProperties:184 - Using Application install path: /Applications/STM32CubeIDE.app/Contents/Eclipse/plugins/com.st.stm32cube.common.mx_6.15.0.202507011659
2026-05-14 14:08:06,358 [INFO] PluginManage:196 - Search for loadable plugins [exclusion list=, ]
2026-05-14 14:08:06,361 [INFO] PluginManage:310 - Check plugin analytics
2026-05-14 14:08:07,072 [INFO] AnalyticsPlugin:253 - Accepted Software Licenses: 
2026-05-14 14:08:07,082 [INFO] AnalyticsPlugin:255 - Accepted CMSIS Pack Licenses: 
2026-05-14 14:08:07,084 [INFO] AnalyticsPlugin:257 - Accepted Firmware Licenses: FW.F4.1.28.0
2026-05-14 14:08:07,110 [INFO] PluginManage:359 - Loaded plugin analytics (category:tool,tabindex:-1)
2026-05-14 14:08:07,114 [INFO] PluginManage:310 - Check plugin cadmodel
2026-05-14 14:08:07,157 [INFO] CADModel:105 - Init CAD model plugin
2026-05-14 14:08:07,158 [INFO] PluginManage:359 - Loaded plugin cadmodel (category:power,tabindex:5)
2026-05-14 14:08:07,159 [INFO] PluginManage:310 - Check plugin clock
2026-05-14 14:08:07,176 [INFO] PluginManage:359 - Loaded plugin clock (category:base,tabindex:2)
2026-05-14 14:08:07,177 [INFO] PluginManage:310 - Check plugin ddr
2026-05-14 14:08:07,181 [INFO] PluginManage:359 - Loaded plugin ddr (category:tool,tabindex:6)
2026-05-14 14:08:07,181 [INFO] PluginManage:310 - Check plugin filemanager
2026-05-14 14:08:07,445 [INFO] PluginManage:359 - Loaded plugin filemanager (category:base,tabindex:10)
2026-05-14 14:08:07,446 [INFO] PluginManage:310 - Check plugin ipmanager
2026-05-14 14:08:07,457 [INFO] PluginManage:359 - Loaded plugin ipmanager (category:base,tabindex:5)
2026-05-14 14:08:07,457 [INFO] PluginManage:310 - Check plugin lpbam
2026-05-14 14:08:07,467 [INFO] PluginManage:359 - Loaded plugin lpbam (category:base,tabindex:0)
2026-05-14 14:08:07,467 [INFO] PluginManage:310 - Check plugin memorymap
2026-05-14 14:08:07,479 [INFO] PluginManage:359 - Loaded plugin memorymap (category:base,tabindex:4)
2026-05-14 14:08:07,479 [INFO] PluginManage:310 - Check plugin pinoutandconfiguration
2026-05-14 14:08:07,489 [INFO] PluginManage:359 - Loaded plugin pinoutandconfiguration (category:base,tabindex:1)
2026-05-14 14:08:07,490 [INFO] PluginManage:310 - Check plugin pinoutconfig
2026-05-14 14:08:07,620 [WARN] SupportedApi:132 - Cannot load RTOS API schema: s4s-elt-must-match.1: The content of 'definitions' must match (annotation?, (simpleType | complexType)?, (unique | key | keyref)*)). A problem was found starting at: attribute.
2026-05-14 14:08:07,838 [INFO] PluginManage:359 - Loaded plugin pinoutconfig (category:base,tabindex:0)
2026-05-14 14:08:07,839 [INFO] PluginManage:310 - Check plugin power
2026-05-14 14:08:07,852 [INFO] PluginManage:359 - Loaded plugin power (category:power,tabindex:4)
2026-05-14 14:08:07,853 [INFO] PluginManage:310 - Check plugin projectmanager
2026-05-14 14:08:07,887 [INFO] PluginManage:359 - Loaded plugin projectmanager (category:projectmanager,tabindex:4)
2026-05-14 14:08:07,887 [INFO] PluginManage:310 - Check plugin rif
2026-05-14 14:08:07,897 [INFO] PluginManage:359 - Loaded plugin rif (category:base,tabindex:3)
2026-05-14 14:08:07,897 [INFO] PluginManage:310 - Check plugin thirdparty
2026-05-14 14:08:08,117 [WARN] IntegrityCheckThread:84 - waiting for thirdparty lock release [integrity check]
2026-05-14 14:08:08,119 [INFO] PluginManage:359 - Loaded plugin thirdparty (category:base,tabindex:-1)
2026-05-14 14:08:08,119 [INFO] IntegrityCheckThread:86 - entering critical section [integrity check]
2026-05-14 14:08:08,119 [INFO] PluginManage:310 - Check plugin tools
2026-05-14 14:08:08,120 [INFO] ThirdPartyUpdaterWithRetryManager:70 - Updater plugin not ready yet. [1/15]
2026-05-14 14:08:08,123 [INFO] PluginManage:359 - Loaded plugin tools (category:base,tabindex:7)
2026-05-14 14:08:08,123 [INFO] PluginManage:310 - Check plugin tutovideos
2026-05-14 14:08:08,355 [INFO] PluginManage:359 - Loaded plugin tutovideos (category:base,tabindex:-1)
2026-05-14 14:08:08,356 [INFO] PluginManage:310 - Check plugin updater
2026-05-14 14:08:08,392 [INFO] PluginManage:359 - Loaded plugin updater (category:base,tabindex:12)
2026-05-14 14:08:08,393 [INFO] PluginManage:310 - Check plugin userauth
2026-05-14 14:08:08,400 [INFO] UserAuth:118 - Init User Auth plugin
2026-05-14 14:08:08,401 [INFO] PluginManage:359 - Loaded plugin userauth (category:base,tabindex:14)
2026-05-14 14:08:08,404 [INFO] PluginManage:283 - PluginManage : Loaded plugins [18]
2026-05-14 14:08:08,719 [INFO] PinOutPanel:1589 - setPackage(No Configuration,No Configuration)
2026-05-14 14:08:08,813 [INFO] CADModel:165 - CPN selected for project level
2026-05-14 14:08:08,813 [INFO] CADModel:114 - Register for checkConnection events
2026-05-14 14:08:08,829 [INFO] IPUIPlugin:80 - create IPUIPlugin
2026-05-14 14:08:08,830 [INFO] PluginManager:220 - loadIPPluginJar : add mdma
2026-05-14 14:08:08,836 [INFO] IPUIPlugin:80 - create IPUIPlugin
2026-05-14 14:08:08,836 [INFO] PluginManager:220 - loadIPPluginJar : add freertos
2026-05-14 14:08:08,840 [INFO] IPUIPlugin:80 - create IPUIPlugin
2026-05-14 14:08:08,841 [INFO] PluginManager:220 - loadIPPluginJar : add gic
2026-05-14 14:08:08,850 [INFO] IPUIPlugin:80 - create IPUIPlugin
2026-05-14 14:08:08,850 [INFO] PluginManager:220 - loadIPPluginJar : add adc
2026-05-14 14:08:08,852 [INFO] IPUIPlugin:80 - create IPUIPlugin
2026-05-14 14:08:08,853 [INFO] PluginManager:220 - loadIPPluginJar : add gtzc
2026-05-14 14:08:08,854 [INFO] IPUIPlugin:80 - create IPUIPlugin
2026-05-14 14:08:08,854 [INFO] PluginManager:220 - loadIPPluginJar : add quadspi
2026-05-14 14:08:08,857 [INFO] IPUIPlugin:80 - create IPUIPlugin
2026-05-14 14:08:08,857 [INFO] PluginManager:220 - loadIPPluginJar : add aes
2026-05-14 14:08:08,860 [INFO] IPUIPlugin:80 - create IPUIPlugin
2026-05-14 14:08:08,860 [INFO] PluginManager:220 - loadIPPluginJar : add pdm2pcm
2026-05-14 14:08:08,861 [INFO] IPUIPlugin:80 - create IPUIPlugin
2026-05-14 14:08:08,862 [INFO] PluginManager:220 - loadIPPluginJar : add hash
2026-05-14 14:08:08,863 [INFO] IPUIPlugin:80 - create IPUIPlugin
2026-05-14 14:08:08,864 [INFO] PluginManager:220 - loadIPPluginJar : add tim
2026-05-14 14:08:08,865 [INFO] IPUIPlugin:80 - create IPUIPlugin
2026-05-14 14:08:08,865 [INFO] PluginManager:220 - loadIPPluginJar : add tsc
2026-05-14 14:08:08,868 [INFO] IPUIPlugin:80 - create IPUIPlugin
2026-05-14 14:08:08,868 [INFO] PluginManager:220 - loadIPPluginJar : add extmemmanager
2026-05-14 14:08:08,870 [INFO] IPUIPlugin:80 - create IPUIPlugin
2026-05-14 14:08:08,870 [INFO] PluginManager:220 - loadIPPluginJar : add ts
2026-05-14 14:08:08,872 [INFO] IPUIPlugin:80 - create IPUIPlugin
2026-05-14 14:08:08,872 [INFO] PluginManager:220 - loadIPPluginJar : add radio
2026-05-14 14:08:08,874 [INFO] IPUIPlugin:80 - create IPUIPlugin
2026-05-14 14:08:08,874 [INFO] PluginManager:220 - loadIPPluginJar : add can
2026-05-14 14:08:08,876 [INFO] IPUIPlugin:80 - create IPUIPlugin
2026-05-14 14:08:08,876 [INFO] PluginManager:220 - loadIPPluginJar : add dma3
2026-05-14 14:08:08,877 [INFO] IPUIPlugin:80 - create IPUIPlugin
2026-05-14 14:08:08,877 [INFO] PluginManager:220 - loadIPPluginJar : add dfsdm
2026-05-14 14:08:08,878 [INFO] IPUIPlugin:80 - create IPUIPlugin
2026-05-14 14:08:08,879 [INFO] PluginManager:220 - loadIPPluginJar : add spi
2026-05-14 14:08:08,880 [INFO] IPUIPlugin:80 - create IPUIPlugin
2026-05-14 14:08:08,880 [INFO] PluginManager:220 - loadIPPluginJar : add gfxmmu
2026-05-14 14:08:08,882 [INFO] IPUIPlugin:80 - create IPUIPlugin
2026-05-14 14:08:08,882 [INFO] PluginManager:220 - loadIPPluginJar : add genericplugin
2026-05-14 14:08:08,884 [INFO] IPUIPlugin:80 - create IPUIPlugin
2026-05-14 14:08:08,884 [INFO] PluginManager:220 - loadIPPluginJar : add cryp
2026-05-14 14:08:08,888 [INFO] IPUIPlugin:80 - create IPUIPlugin
2026-05-14 14:08:08,888 [INFO] PluginManager:220 - loadIPPluginJar : add gpio
2026-05-14 14:08:08,891 [INFO] IPUIPlugin:80 - create IPUIPlugin
2026-05-14 14:08:08,891 [INFO] PluginManager:220 - loadIPPluginJar : add ddr_ctrl_phy
2026-05-14 14:08:08,893 [INFO] IPUIPlugin:80 - create IPUIPlugin
2026-05-14 14:08:08,894 [INFO] PluginManager:220 - loadIPPluginJar : add comp
2026-05-14 14:08:08,896 [INFO] IPUIPlugin:80 - create IPUIPlugin
2026-05-14 14:08:08,897 [INFO] PluginManager:220 - loadIPPluginJar : add tracer_emb
2026-05-14 14:08:08,899 [INFO] IPUIPlugin:80 - create IPUIPlugin
2026-05-14 14:08:08,899 [INFO] PluginManager:220 - loadIPPluginJar : add openamp
2026-05-14 14:08:08,904 [INFO] IPUIPlugin:80 - create IPUIPlugin
2026-05-14 14:08:08,904 [INFO] PluginManager:220 - loadIPPluginJar : add stm32_wpan
2026-05-14 14:08:08,910 [INFO] IPUIPlugin:80 - create IPUIPlugin
2026-05-14 14:08:08,914 [INFO] PluginManager:220 - loadIPPluginJar : add plateformsettings
2026-05-14 14:08:08,917 [INFO] IPUIPlugin:80 - create IPUIPlugin
2026-05-14 14:08:08,917 [INFO] PluginManager:220 - loadIPPluginJar : add ipddr
2026-05-14 14:08:08,920 [INFO] IPUIPlugin:80 - create IPUIPlugin
2026-05-14 14:08:08,920 [INFO] PluginManager:220 - loadIPPluginJar : add usart
2026-05-14 14:08:08,921 [INFO] IPUIPlugin:80 - create IPUIPlugin
2026-05-14 14:08:08,922 [INFO] PluginManager:220 - loadIPPluginJar : add ltdc
2026-05-14 14:08:08,924 [INFO] IPUIPlugin:80 - create IPUIPlugin
2026-05-14 14:08:08,924 [INFO] PluginManager:220 - loadIPPluginJar : add nvic
2026-05-14 14:08:08,925 [INFO] IPUIPlugin:80 - create IPUIPlugin
2026-05-14 14:08:08,926 [INFO] PluginManager:220 - loadIPPluginJar : add fatfs
2026-05-14 14:08:08,931 [INFO] IPUIPlugin:80 - create IPUIPlugin
2026-05-14 14:08:08,932 [INFO] PluginManager:220 - loadIPPluginJar : add linkedlist
2026-05-14 14:08:08,936 [INFO] IPUIPlugin:80 - create IPUIPlugin
2026-05-14 14:08:08,936 [INFO] PluginManager:220 - loadIPPluginJar : add dma
2026-05-14 14:08:08,939 [INFO] IPUIPlugin:80 - create IPUIPlugin
2026-05-14 14:08:08,939 [INFO] PluginManager:220 - loadIPPluginJar : add fmc
2026-05-14 14:08:08,941 [INFO] IPUIPlugin:80 - create IPUIPlugin
2026-05-14 14:08:08,941 [INFO] PluginManager:220 - loadIPPluginJar : add i2s
2026-05-14 14:08:08,943 [INFO] IPUIPlugin:80 - create IPUIPlugin
2026-05-14 14:08:08,943 [INFO] PluginManager:220 - loadIPPluginJar : add ucpd
2026-05-14 14:08:08,945 [INFO] IPUIPlugin:80 - create IPUIPlugin
2026-05-14 14:08:08,945 [INFO] PluginManager:220 - loadIPPluginJar : add lorawan
2026-05-14 14:08:08,949 [INFO] IPUIPlugin:80 - create IPUIPlugin
2026-05-14 14:08:08,949 [INFO] PluginManager:220 - loadIPPluginJar : add opamp
2026-05-14 14:08:08,952 [INFO] IPUIPlugin:80 - create IPUIPlugin
2026-05-14 14:08:08,952 [INFO] PluginManager:220 - loadIPPluginJar : add i3c
2026-05-14 14:08:08,954 [INFO] IPUIPlugin:80 - create IPUIPlugin
2026-05-14 14:08:08,954 [INFO] PluginManager:220 - loadIPPluginJar : add touchsensing
2026-05-14 14:08:08,958 [INFO] IPUIPlugin:80 - create IPUIPlugin
2026-05-14 14:08:08,958 [INFO] PluginManager:220 - loadIPPluginJar : add i2c
2026-05-14 14:08:08,961 [INFO] IPUIPlugin:80 - create IPUIPlugin
2026-05-14 14:08:08,961 [INFO] PluginManager:220 - loadIPPluginJar : add resmgrutility
2026-05-14 14:08:08,963 [INFO] IPUIPlugin:80 - create IPUIPlugin
2026-05-14 14:08:08,963 [INFO] PluginManager:220 - loadIPPluginJar : add sai
2026-05-14 14:08:08,966 [INFO] IPUIPlugin:80 - create IPUIPlugin
2026-05-14 14:08:08,966 [INFO] PluginManager:220 - loadIPPluginJar : add usbx
2026-05-14 14:08:09,099 [FATAL] Updater:351 - Updater called before beeing initialized
2026-05-14 14:08:09,164 [INFO] RulesReader:64 - Compatibility file has been processed (317 Rules)
2026-05-14 14:08:09,183 [INFO] RulesReader:64 - Compatibility file has been processed (317 Rules)
2026-05-14 14:08:09,194 [INFO] CADModel:165 - CPN selected for project level
2026-05-14 14:08:09,194 [INFO] CADModel:114 - Register for checkConnection events
2026-05-14 14:08:09,194 [FATAL] Updater:351 - Updater called before beeing initialized
2026-05-14 14:08:09,194 [ERROR] CADModel:125 - Updater not yet initialized, retry later 
2026-05-14 14:08:09,475 [FATAL] Updater:351 - Updater called before beeing initialized
2026-05-14 14:08:09,476 [INFO] CADModel:165 - CPN selected for project level
2026-05-14 14:08:09,477 [INFO] CADModel:114 - Register for checkConnection events
2026-05-14 14:08:09,477 [FATAL] Updater:351 - Updater called before beeing initialized
2026-05-14 14:08:09,477 [ERROR] CADModel:125 - Updater not yet initialized, retry later 
2026-05-14 14:08:09,481 [FATAL] Updater:351 - Updater called before beeing initialized
2026-05-14 14:08:09,689 [FATAL] Updater:351 - Updater called before beeing initialized
2026-05-14 14:08:09,695 [INFO] DbMcusAds:53 - JSON generation date=Mon Apr 27 02:14:29 MDT 2026 (1777277669577)
2026-05-14 14:08:09,695 [FATAL] Updater:351 - Updater called before beeing initialized
2026-05-14 14:08:10,048 [WARN] DetailPanel:346 - Failed to get advertising image, set to default
2026-05-14 14:08:10,152 [FATAL] Updater:351 - Updater called before beeing initialized
2026-05-14 14:08:10,157 [FATAL] Updater:351 - Updater called before beeing initialized
2026-05-14 14:08:10,157 [FATAL] Updater:351 - Updater called before beeing initialized
2026-05-14 14:08:10,157 [WARN] DetailPanel:346 - Failed to get advertising image, set to default
2026-05-14 14:08:10,161 [FATAL] Updater:351 - Updater called before beeing initialized
2026-05-14 14:08:10,250 [ERROR] Updater:1198 - MainUpdater not yet initialized. External WinMGr cannot be set.
2026-05-14 14:08:10,263 [INFO] Updater:1134 - Updater Version found : 6.15.0
2026-05-14 14:08:10,282 [INFO] ApplicationProperties:184 - Using Application install path: /Applications/STM32CubeIDE.app/Contents/Eclipse/plugins/com.st.stm32cube.common.mx_6.15.0.202507011659
2026-05-14 14:08:10,985 [INFO] MainUpdater:2872 - connection check result : 10
2026-05-14 14:08:10,986 [INFO] MainUpdater:289 - Updater Check For Update Now.
2026-05-14 14:08:10,986 [INFO] MicroXplorer:498 - Change Database Version : DB.6.0.150
2026-05-14 14:08:10,993 [INFO] McuFinderGlobals:63 - Set McuFinder mode to 2 (CubeIDE integrated)
2026-05-14 14:08:10,995 [INFO] UserAuth:487 - Internet connection configuration mode: 1
2026-05-14 14:08:11,017 [INFO] JxBrowserEngine:152 - Initiate JxBrowser Engine with user profile folder
2026-05-14 14:08:11,126 [WARN] MainUpdater:1193 - Updater busy. Cannot search thirdparties
2026-05-14 14:08:11,127 [INFO] ThirdPartyUpdaterWithRetryManager:96 - Updater plugin is busy. [1/15]
2026-05-14 14:08:11,290 [INFO] CheckServerUpdateThread:120 - End of CheckServer Thread
2026-05-14 14:08:14,475 [WARN] PackLoader:240 - Cannot read IP mode file for STMicroelectronics.X-CUBE-AZRTOS-H7.3.5.0
2026-05-14 14:08:14,534 [WARN] PackLoader:240 - Cannot read IP mode file for STMicroelectronics.FP-SNS-MOTENVWB1.1.4.0
2026-05-14 14:08:14,550 [WARN] PackLoader:240 - Cannot read IP mode file for STMicroelectronics.FP-ATR-ASTRA1.2.0.2
2026-05-14 14:08:14,558 [WARN] PackLoader:240 - Cannot read IP mode file for STMicroelectronics.FP-ATR-ASTRA1.2.0.1
2026-05-14 14:08:14,567 [WARN] PackLoader:240 - Cannot read IP mode file for STMicroelectronics.X-CUBE-SMBUS.2.1.0
2026-05-14 14:08:14,580 [WARN] PackLoader:240 - Cannot read IP mode file for STMicroelectronics.X-CUBE-WB05N.1.1.0
2026-05-14 14:08:14,589 [WARN] PackLoader:240 - Cannot read IP mode file for STMicroelectronics.X-CUBE-ST60.1.0.0
2026-05-14 14:08:14,600 [WARN] PackLoader:240 - Cannot read IP mode file for STMicroelectronics.X-CUBE-TOUCHGFX.4.23.0
2026-05-14 14:08:14,644 [WARN] PackLoader:240 - Cannot read IP mode file for STMicroelectronics.X-CUBE-AZRTOS-F7.1.1.0
2026-05-14 14:08:14,661 [WARN] PackLoader:240 - Cannot read IP mode file for STMicroelectronics.FP-SNS-MOTENV1.4.3.2
2026-05-14 14:08:14,826 [WARN] PackLoader:240 - Cannot read IP mode file for STMicroelectronics.X-CUBE-MEMS1.11.0.0
2026-05-14 14:08:15,115 [WARN] PackLoader:240 - Cannot read IP mode file for STMicroelectronics.FP-SNS-MOTENV1.5.1.0
2026-05-14 14:08:15,145 [WARN] PackLoader:240 - Cannot read IP mode file for STMicroelectronics.FP-SNS-FLIGHT1.5.0.2
2026-05-14 14:08:15,515 [WARN] PackLoader:240 - Cannot read IP mode file for STMicroelectronics.X-CUBE-AZRTOS-H7.3.4.0
2026-05-14 14:08:15,762 [WARN] PackLoader:240 - Cannot read IP mode file for STMicroelectronics.X-CUBE-DISPLAY.3.0.0
2026-05-14 14:08:15,829 [WARN] PackLoader:240 - Cannot read IP mode file for STMicroelectronics.X-CUBE-GNSS1.7.1.1
2026-05-14 14:08:15,849 [WARN] PackLoader:240 - Cannot read IP mode file for STMicroelectronics.FP-SNS-MOTENVWB1.1.5.0
2026-05-14 14:08:15,864 [WARN] PackLoader:240 - Cannot read IP mode file for STMicroelectronics.X-CUBE-BLE1.7.0.0
2026-05-14 14:08:15,882 [WARN] PackLoader:240 - Cannot read IP mode file for STMicroelectronics.X-CUBE-NFC10.1.0.0
2026-05-14 14:08:15,911 [WARN] PackLoader:240 - Cannot read IP mode file for STMicroelectronics.X-CUBE-BLEMGR.4.0.0
2026-05-14 14:08:15,959 [WARN] PackLoader:240 - Cannot read IP mode file for STMicroelectronics.X-CUBE-ST60.1.1.0
2026-05-14 14:08:15,994 [WARN] PackLoader:240 - Cannot read IP mode file for emotas.I-CUBE-CANOPEN.1.3.0
2026-05-14 14:08:16,010 [WARN] PackLoader:240 - Cannot read IP mode file for STMicroelectronics.X-CUBE-GNSS1.7.1.0
2026-05-14 14:08:16,042 [WARN] PackLoader:240 - Cannot read IP mode file for STMicroelectronics.X-CUBE-BLEMGR.3.1.0
2026-05-14 14:08:16,055 [WARN] PackLoader:240 - Cannot read IP mode file for STMicroelectronics.X-CUBE-AI.10.0.0
2026-05-14 14:08:16,079 [WARN] PackLoader:240 - Cannot read IP mode file for STMicroelectronics.FP-SNS-STBOX1.2.1.0
2026-05-14 14:08:16,110 [WARN] PackLoader:240 - Cannot read IP mode file for STMicroelectronics.FP-SNS-SMARTAG2.1.2.0
2026-05-14 14:08:16,124 [WARN] PackLoader:240 - Cannot read IP mode file for STMicroelectronics.FP-SNS-FLIGHT1.5.1.0
2026-05-14 14:08:16,254 [WARN] PackLoader:240 - Cannot read IP mode file for STMicroelectronics.X-CUBE-MEMS1.11.1.0
2026-05-14 14:08:16,422 [INFO] LogOutputStream:77 - [STDOUT_REDIRECT] 1 : Invalid condition id : UX_CORESTACK_Condition cause : null
2026-05-14 14:08:16,437 [INFO] LogOutputStream:77 - [STDOUT_REDIRECT] 1 : Invalid condition id : UX_CORESTACK_Condition cause : null
2026-05-14 14:08:16,438 [INFO] LogOutputStream:77 - [STDOUT_REDIRECT] 1 : Invalid condition id : UX_CORESTACK_Condition cause : null
2026-05-14 14:08:16,438 [INFO] LogOutputStream:77 - [STDOUT_REDIRECT] 1 : Invalid condition id : UX_CORESTACK_Condition cause : null
2026-05-14 14:08:16,438 [INFO] LogOutputStream:77 - [STDOUT_REDIRECT] 1 : Invalid condition id : UX_CORESTACK_Condition cause : null
2026-05-14 14:08:16,445 [WARN] PackLoader:240 - Cannot read IP mode file for STMicroelectronics.X-CUBE-AZRTOS-WL.2.0.0
2026-05-14 14:08:16,456 [WARN] PackLoader:240 - Cannot read IP mode file for STMicroelectronics.FP-SNS-MOTENV1.5.0.0
2026-05-14 14:08:16,483 [WARN] PackLoader:240 - Cannot read IP mode file for STMicroelectronics.X-CUBE-AZRTOS-H7RS.1.2.0
2026-05-14 14:08:16,495 [WARN] PackLoader:240 - Cannot read IP mode file for wolfSSL.I-CUBE-wolfMQTT.1.19.0
2026-05-14 14:08:16,521 [WARN] PackLoader:240 - Cannot read IP mode file for WES.I-CUBE-Cesium.1.3.0
2026-05-14 14:08:16,534 [WARN] PackLoader:240 - Cannot read IP mode file for STMicroelectronics.X-CUBE-BLE2.3.3.0
2026-05-14 14:08:16,632 [WARN] PackLoader:240 - Cannot read IP mode file for STMicroelectronics.X-CUBE-NFC9.1.0.0
2026-05-14 14:08:16,659 [WARN] PackLoader:240 - Cannot read IP mode file for STMicroelectronics.X-CUBE-BLE1.7.1.0
2026-05-14 14:08:16,679 [WARN] PackLoader:240 - Cannot read IP mode file for STMicroelectronics.X-CUBE-TCPP.4.1.0
2026-05-14 14:08:17,195 [WARN] PackLoader:240 - Cannot read IP mode file for STMicroelectronics.X-CUBE-FREERTOS.1.4.0
2026-05-14 14:08:17,212 [WARN] PackLoader:240 - Cannot read IP mode file for STMicroelectronics.X-CUBE-EEPRMA1.5.2.0
2026-05-14 14:08:17,232 [WARN] PackLoader:240 - Cannot read IP mode file for STMicroelectronics.X-CUBE-ST67W61.1.1.0
2026-05-14 14:08:17,245 [WARN] PackLoader:240 - Cannot read IP mode file for STMicroelectronics.FP-SNS-STAIOTCFT.1.1.0
2026-05-14 14:08:17,343 [WARN] PackLoader:240 - Cannot read IP mode file for STMicroelectronics.X-CUBE-MEMS1.12.0.0
2026-05-14 14:08:17,432 [WARN] PackLoader:240 - Cannot read IP mode file for STMicroelectronics.X-CUBE-ALGOBUILD.1.3.0
2026-05-14 14:08:17,519 [WARN] PackLoader:240 - Cannot read IP mode file for STMicroelectronics.X-CUBE-MEMS1.11.2.0
2026-05-14 14:08:17,916 [WARN] PackLoader:240 - Cannot read IP mode file for STMicroelectronics.X-CUBE-AZRTOS-G0.1.1.0
2026-05-14 14:08:17,980 [WARN] PackLoader:240 - Cannot read IP mode file for STMicroelectronics.X-CUBE-SAFEA1.1.2.2
2026-05-14 14:08:17,998 [WARN] PackLoader:240 - Cannot read IP mode file for STMicroelectronics.X-CUBE-NFC4.3.0.0
2026-05-14 14:08:18,030 [WARN] PackLoader:240 - Cannot read IP mode file for EmbeddedOffice.I-CUBE-FS-RTOS.1.0.1
2026-05-14 14:08:18,044 [WARN] PackLoader:240 - Cannot read IP mode file for STMicroelectronics.X-CUBE-WB05N.2.0.0
2026-05-14 14:08:18,065 [WARN] PackLoader:240 - Cannot read IP mode file for STMicroelectronics.X-CUBE-BLEMGR.3.0.0
2026-05-14 14:08:18,086 [WARN] PackLoader:240 - Cannot read IP mode file for STMicroelectronics.X-CUBE-TCPP.4.2.0
2026-05-14 14:08:18,313 [WARN] PackLoader:240 - Cannot read IP mode file for RealThread.X-CUBE-RT-Thread_Nano.4.1.1
2026-05-14 14:08:18,339 [WARN] PackLoader:240 - Cannot read IP mode file for STMicroelectronics.FP-ATR-SIGFOX1.3.2.0
2026-05-14 14:08:18,359 [WARN] ConditionMgr:438 - getConditionDescription Invalid condition id : Cortex-A Device cause : null
2026-05-14 14:08:18,399 [WARN] ConditionMgr:1044 - genDependencies : Invalid condition id : Cortex-A Device cause : null
2026-05-14 14:08:18,400 [WARN] ConditionMgr:1044 - genDependencies : Invalid condition id : Cortex-A Device cause : null
2026-05-14 14:08:18,400 [WARN] ConditionMgr:1044 - genDependencies : Invalid condition id : Cortex-A Device cause : null
2026-05-14 14:08:18,408 [WARN] PackLoader:240 - Cannot read IP mode file for STMicroelectronics.X-CUBE-EEPRMA1.5.1.0
2026-05-14 14:08:18,421 [WARN] PackLoader:240 - Cannot read IP mode file for STMicroelectronics.X-CUBE-FREERTOS.1.5.0
2026-05-14 14:08:18,451 [WARN] PackLoader:240 - Cannot read IP mode file for STMicroelectronics.X-CUBE-NFC6.3.2.0
2026-05-14 14:08:18,485 [WARN] PackLoader:240 - Cannot read IP mode file for STMicroelectronics.X-CUBE-ST67W61.1.0.0
2026-05-14 14:08:18,499 [WARN] PackLoader:240 - Cannot read IP mode file for STMicroelectronics.X-CUBE-AI.10.2.0
2026-05-14 14:08:18,631 [WARN] PackLoader:240 - Cannot read IP mode file for STMicroelectronics.X-CUBE-MEMS1.12.1.0
2026-05-14 14:08:18,779 [WARN] PackLoader:240 - Cannot read IP mode file for SEGGER.I-CUBE-embOS.1.3.1
2026-05-14 14:08:18,828 [WARN] PackLoader:240 - Cannot read IP mode file for STMicroelectronics.X-CUBE-ALGOBUILD.1.4.0
2026-05-14 14:08:18,878 [INFO] WebApp:169 - Instantiating new browser for Auth
2026-05-14 14:08:18,924 [WARN] PackLoader:240 - Cannot read IP mode file for STMicroelectronics.X-CUBE-MEMS1.11.3.0
2026-05-14 14:08:19,062 [WARN] PackLoader:240 - Cannot read IP mode file for STMicroelectronics.X-CUBE-AI.9.1.0
2026-05-14 14:08:19,070 [WARN] PackLoader:240 - Cannot read IP mode file for STMicroelectronics.X-CUBE-PM33A1.1.0.0
2026-05-14 14:08:19,079 [WARN] PackLoader:240 - Cannot read IP mode file for STMicroelectronics.X-CUBE-GNSS1.6.0.0
2026-05-14 14:08:19,102 [WARN] PackLoader:240 - Cannot read IP mode file for STMicroelectronics.X-CUBE-AZRTOS-F4.1.1.0
2026-05-14 14:08:19,112 [WARN] PackLoader:240 - Cannot read IP mode file for Avnet-IotConnect.X-CUBE-IoTC-DA16k-PMOD.1.0.0
2026-05-14 14:08:19,119 [WARN] PackLoader:240 - Cannot read IP mode file for STMicroelectronics.X-CUBE-ISPU.2.1.0
2026-05-14 14:08:19,132 [WARN] PackLoader:240 - Cannot read IP mode file for STMicroelectronics.X-CUBE-IPS.3.2.0
2026-05-14 14:08:19,144 [WARN] PackLoader:240 - Cannot read IP mode file for STMicroelectronics.eDS-WB_DPC_TT-BIDIR.2.1.1
2026-05-14 14:08:19,149 [WARN] PackLoader:240 - Cannot read IP mode file for STMicroelectronics.X-CUBE-FREERTOS.1.2.0
2026-05-14 14:08:19,152 [WARN] PackLoader:240 - Cannot read IP mode file for wolfSSL.I-CUBE-wolfSSL.5.6.6
2026-05-14 14:08:19,160 [WARN] PackLoader:240 - Cannot read IP mode file for STMicroelectronics.X-CUBE-NFC12.1.0.0
2026-05-14 14:08:19,181 [WARN] PackLoader:240 - Cannot read IP mode file for STMicroelectronics.X-CUBE-AZRTOS-L5.2.0.0
2026-05-14 14:08:19,197 [WARN] PackLoader:240 - Cannot read IP mode file for STMicroelectronics.X-CUBE-EEPRMA1.4.2.0
2026-05-14 14:08:19,206 [WARN] PackLoader:240 - Cannot read IP mode file for STMicroelectronics.X-CUBE-NFC6.3.1.0
2026-05-14 14:08:19,214 [WARN] PackLoader:240 - Cannot read IP mode file for ITTIA_DB.I-CUBE-ITTIADB.8.8.0
2026-05-14 14:08:19,222 [WARN] PackLoader:240 - Cannot read IP mode file for STMicroelectronics.X-CUBE-DPower.1.2.0
2026-05-14 14:08:19,228 [WARN] PackLoader:240 - Cannot read IP mode file for STMicroelectronics.eDS-WB_DPC_VIENNA.1.2.0
2026-05-14 14:08:19,230 [WARN] PackLoader:240 - Cannot read IP mode file for STMicroelectronics.eDS-WB_DPC_3PH2L-BIDIR.1.1.1
2026-05-14 14:08:19,232 [WARN] PackLoader:240 - Cannot read IP mode file for STMicroelectronics.X-CUBE-AI.9.0.0
2026-05-14 14:08:19,248 [ERROR] Engine:466 - /Users/jeffreya181/.stm32cubemx/thirdparties/pdsc/STMicroelectronics.X-CUBE-ST67W61.1.3.0.pdsc: PDSC version is not supported
2026-05-14 14:08:19,253 [WARN] PackLoader:240 - Cannot read IP mode file for STMicroelectronics.X-CUBE-FREERTOS.1.3.1
2026-05-14 14:08:19,258 [WARN] PackLoader:240 - Cannot read IP mode file for STMicroelectronics.X-CUBE-FREERTOS.1.3.0
2026-05-14 14:08:19,263 [WARN] PackLoader:240 - Cannot read IP mode file for STMicroelectronics.X-CUBE-NFC7.1.0.1
2026-05-14 14:08:19,266 [WARN] PackLoader:240 - Cannot read IP mode file for wolfSSL.I-CUBE-wolfTPM.3.2.0
2026-05-14 14:08:19,269 [WARN] PackLoader:240 - Cannot read IP mode file for STMicroelectronics.X-CUBE-TOUCHGFX.4.26.0
2026-05-14 14:08:19,278 [WARN] PackLoader:240 - Cannot read IP mode file for STMicroelectronics.X-CUBE-NFC6.3.0.0
2026-05-14 14:08:19,298 [WARN] PackLoader:240 - Cannot read IP mode file for STMicroelectronics.X-CUBE-TOUCHGFX.4.26.1
2026-05-14 14:08:19,311 [WARN] PackLoader:240 - Cannot read IP mode file for STMicroelectronics.FP-SNS-STAIOTCFT.1.0.0
2026-05-14 14:08:19,321 [WARN] PackLoader:240 - Cannot read IP mode file for STMicroelectronics.X-CUBE-DPower.1.3.0
2026-05-14 14:08:19,329 [WARN] PackLoader:240 - Cannot read IP mode file for STMicroelectronics.X-CUBE-AI.8.1.0
2026-05-14 14:08:19,364 [WARN] ConditionMgr:438 - getConditionDescription Invalid condition id : LAN8742 Phy interface Condition cause : null
2026-05-14 14:08:19,368 [WARN] PackLoader:240 - Cannot read IP mode file for STMicroelectronics.X-CUBE-AZRTOS-L4.2.0.0
2026-05-14 14:08:19,374 [WARN] ConditionMgr:1044 - genDependencies : Invalid condition id : LAN8742 Phy interface Condition cause : null
2026-05-14 14:08:19,374 [WARN] ConditionMgr:1044 - genDependencies : Invalid condition id : LAN8742 Phy interface Condition cause : null
2026-05-14 14:08:19,376 [WARN] ConditionMgr:1044 - genDependencies : Invalid condition id : LAN8742 Phy interface Condition cause : null
2026-05-14 14:08:19,389 [WARN] PackLoader:240 - Cannot read IP mode file for STMicroelectronics.X-CUBE-SFXS2LP1.4.0.0
2026-05-14 14:08:19,404 [WARN] PackLoader:240 - Cannot read IP mode file for STMicroelectronics.X-CUBE-WB05N.2.1.0
2026-05-14 14:08:19,414 [WARN] PackLoader:240 - Cannot read IP mode file for STMicroelectronics.X-CUBE-ST67W61.1.2.0
2026-05-14 14:08:19,446 [WARN] PackLoader:240 - Cannot read IP mode file for STMicroelectronics.X-CUBE-AZRTOS-H7.3.3.0
2026-05-14 14:08:19,475 [WARN] PackLoader:240 - Cannot read IP mode file for STMicroelectronics.X-CUBE-BLEMGR.4.1.0
2026-05-14 14:08:19,617 [WARN] PackLoader:240 - Cannot read IP mode file for STMicroelectronics.X-CUBE-IPS.3.0.0
2026-05-14 14:08:19,955 [WARN] ConditionMgr:438 - getConditionDescription Invalid condition id : UX DEVICE CLASS RTOS Condition cause : null
2026-05-14 14:08:19,960 [WARN] ConditionMgr:438 - getConditionDescription Invalid condition id : UX DEVICE CLASS RTOS Condition cause : null
2026-05-14 14:08:19,966 [WARN] PackLoader:240 - Cannot read IP mode file for STMicroelectronics.X-CUBE-AZRTOS-WB.2.0.0
2026-05-14 14:08:19,968 [WARN] ConditionMgr:1044 - genDependencies : Invalid condition id : UX DEVICE CLASS RTOS Condition cause : null
2026-05-14 14:08:19,968 [WARN] ConditionMgr:1044 - genDependencies : Invalid condition id : UX DEVICE CLASS RTOS Condition cause : null
2026-05-14 14:08:19,970 [WARN] ConditionMgr:1044 - genDependencies : Invalid condition id : UX DEVICE CLASS RTOS Condition cause : null
2026-05-14 14:08:19,971 [WARN] ConditionMgr:1044 - genDependencies : Invalid condition id : UX DEVICE CLASS RTOS Condition cause : null
2026-05-14 14:08:19,971 [WARN] ConditionMgr:1044 - genDependencies : Invalid condition id : UX DEVICE CLASS RTOS Condition cause : null
2026-05-14 14:08:20,009 [WARN] PackLoader:240 - Cannot read IP mode file for STMicroelectronics.X-CUBE-GNSS1.7.0.0
2026-05-14 14:08:20,018 [WARN] PackLoader:240 - Cannot read IP mode file for STMicroelectronics.X-CUBE-GNSS1.7.0.1
2026-05-14 14:08:20,025 [WARN] PackLoader:240 - Cannot read IP mode file for STMicroelectronics.X-CUBE-TOUCHGFX.4.25.0
2026-05-14 14:08:20,032 [WARN] PackLoader:240 - Cannot read IP mode file for STMicroelectronics.FP-SNS-STBOX1.2.0.0
2026-05-14 14:08:20,046 [WARN] PackLoader:240 - Cannot read IP mode file for STMicroelectronics.X-CUBE-STSE01.2.0.0
2026-05-14 14:08:20,060 [WARN] PackLoader:240 - Cannot read IP mode file for STMicroelectronics.X-CUBE-SUBG2.5.0.0
2026-05-14 14:08:20,104 [WARN] PackLoader:240 - Cannot read IP mode file for STMicroelectronics.X-CUBE-AZRTOS-H7RS.1.1.0
2026-05-14 14:08:20,119 [WARN] PackLoader:240 - Cannot read IP mode file for Cesanta.I-CUBE-Mongoose.7.13.0
2026-05-14 14:08:20,142 [WARN] PackLoader:240 - Cannot read IP mode file for STMicroelectronics.X-CUBE-AZRTOS-G4.2.0.0
2026-05-14 14:08:20,161 [WARN] PackLoader:240 - Cannot read IP mode file for Infineon.AIROC-Wi-Fi-Bluetooth-STM32.1.5.1
2026-05-14 14:08:20,171 [WARN] PackLoader:240 - Cannot read IP mode file for STMicroelectronics.X-CUBE-NFC7.2.0.0
2026-05-14 14:08:20,176 [WARN] PackLoader:240 - Cannot read IP mode file for STMicroelectronics.FP-SNS-MOTENVWB1.1.3.1
2026-05-14 14:08:20,182 [WARN] PackLoader:240 - Cannot read IP mode file for STMicroelectronics.X-CUBE-ISPU.2.0.0
2026-05-14 14:08:20,201 [WARN] PackLoader:240 - Cannot read IP mode file for STMicroelectronics.X-CUBE-IPS.3.1.0
2026-05-14 14:08:20,214 [WARN] PackLoader:240 - Cannot read IP mode file for STMicroelectronics.X-CUBE-ALS.1.0.2
2026-05-14 14:08:20,273 [WARN] PackLoader:240 - Cannot read IP mode file for STMicroelectronics.X-CUBE-MEMS1.10.0.0
2026-05-14 14:08:20,346 [WARN] PackLoader:240 - Cannot read IP mode file for STMicroelectronics.X-CUBE-FREERTOS.1.1.0
2026-05-14 14:08:20,351 [WARN] PackLoader:240 - Cannot read IP mode file for STMicroelectronics.X-CUBE-TOUCHGFX.4.24.0
2026-05-14 14:08:20,354 [WARN] PackLoader:240 - Cannot read IP mode file for STMicroelectronics.X-CUBE-TOUCHGFX.4.24.2
2026-05-14 14:08:20,357 [WARN] PackLoader:240 - Cannot read IP mode file for STMicroelectronics.X-CUBE-TOUCHGFX.4.24.1
2026-05-14 14:08:20,367 [WARN] PackLoader:240 - Cannot read IP mode file for STMicroelectronics.X-CUBE-STSE01.1.0.0
2026-05-14 14:08:20,375 [WARN] PackLoader:240 - Cannot read IP mode file for portGmbH.I-Cube-SoM-uGOAL.1.1.0
2026-05-14 14:08:20,378 [WARN] PackLoader:240 - Cannot read IP mode file for STMicroelectronics.X-CUBE-ALS.1.0.1
2026-05-14 14:08:20,412 [WARN] PackLoader:240 - Cannot read IP mode file for STMicroelectronics.X-CUBE-AZRTOS-H7RS.1.0.0
2026-05-14 14:08:20,423 [WARN] PackLoader:240 - Cannot read IP mode file for STMicroelectronics.FP-ATR-ASTRA1.2.0.0
2026-05-14 14:08:20,439 [WARN] PackLoader:240 - Cannot read IP mode file for STMicroelectronics.X-CUBE-TOF1.3.4.2
2026-05-14 14:08:20,467 [WARN] PackLoader:240 - Cannot read IP mode file for STMicroelectronics.X-CUBE-TOF1.3.4.3
2026-05-14 14:08:20,491 [WARN] PackLoader:240 - Cannot read IP mode file for STMicroelectronics.X-CUBE-TOF1.3.4.0
2026-05-14 14:08:20,515 [WARN] PackLoader:240 - Cannot read IP mode file for STMicroelectronics.X-CUBE-TOF1.3.4.1
2026-05-14 14:08:20,553 [WARN] PackLoader:240 - Cannot read IP mode file for STMicroelectronics.X-CUBE-AZRTOS-H7.3.2.0
2026-05-14 14:08:20,567 [WARN] PackLoader:240 - Cannot read IP mode file for wolfSSL.I-CUBE-wolfSSH.1.4.17
2026-05-14 14:08:20,580 [INFO] ThirdParty:978 - Integrity check success = true
2026-05-14 14:08:20,580 [INFO] IntegrityCheckThread:100 - exiting critical section [integrity check]
2026-05-14 14:08:20,580 [INFO] IntegrityCheckThread:103 - End integrity checks thread
2026-05-14 14:08:21,114 [INFO] WebApp:463 - Apply proxy settings
2026-05-14 14:08:21,142 [INFO] WebApp:508 - Chromium authenticates against Manually configured proxy
2026-05-14 14:08:21,154 [INFO] WebApp:516 - Username used for proxy authentication: 
2026-05-14 14:08:21,210 [INFO] WebApp:900 - Register for checkConnection events
2026-05-14 14:08:21,211 [INFO] WebApp:463 - Apply proxy settings
2026-05-14 14:08:21,218 [INFO] WebApp:508 - Chromium authenticates against Manually configured proxy
2026-05-14 14:08:21,219 [INFO] WebApp:516 - Username used for proxy authentication: 
2026-05-14 14:08:21,453 [INFO] WebApp:225 - Starting web application
2026-05-14 14:08:21,453 [INFO] WebApp:593 - Web application path used /Applications/STM32CubeIDE.app/Contents/Eclipse/plugins/com.st.stm32cube.common.mx_6.15.0.202507011659/db/plugins/mcufinder/reactClient1/index.html
2026-05-14 14:08:21,920 [INFO] WebApp:191 - Connection restablished
2026-05-14 14:08:22,435 [INFO] UserAuth:487 - Internet connection configuration mode: 1
